   Γû▓ Next.js 15.3.3

   Creating an optimized production build ...
node.exe :  ΓÜá Compiled with war
nings in 24.0s
At line:1 char:1
+ & "C:\Program Files\nodejs/node
.exe" "C:\Program Files\nodejs/no
de_mo ...
+ ~~~~~~~~~~~~~~~~~~~~~~~~~~~~~~~
~~~~~~~~~~~~~~~~~~~~~~~~~~~~~~~~~
~~~~~
    + CategoryInfo          : No 
   tSpecified: ( ΓÜá Compiled w  
  ith warnings in 24.0s:String   
 ) [], RemoteException
    + FullyQualifiedErrorId : Na 
   tiveCommandError
 

./node_modules/handlebars/lib/ind
ex.js
require.extensions is not support
ed by webpack. Use a loader inste
ad.

Import trace for requested module
:
./node_modules/handlebars/lib/ind
ex.js
./node_modules/dotprompt/dist/ind
ex.js
./node_modules/@genkit-ai/core/li
b/registry.js
./node_modules/genkit/lib/registr
y.js
./node_modules/genkit/lib/genkit.
js
./node_modules/genkit/lib/index.m
js
./src/ai/genkit.ts
./src/ai/flows/admin-chatbot.ts
./src/app/api/admin-chat/route.ts

./node_modules/handlebars/lib/ind
ex.js
require.extensions is not support
ed by webpack. Use a loader inste
ad.

Import trace for requested module
:
./node_modules/handlebars/lib/ind
ex.js
./node_modules/dotprompt/dist/ind
ex.js
./node_modules/@genkit-ai/core/li
b/registry.js
./node_modules/genkit/lib/registr
y.js
./node_modules/genkit/lib/genkit.
js
./node_modules/genkit/lib/index.m
js
./src/ai/genkit.ts
./src/ai/flows/admin-chatbot.ts
./src/app/api/admin-chat/route.ts

./node_modules/handlebars/lib/ind
ex.js
require.extensions is not support
ed by webpack. Use a loader inste
ad.

Import trace for requested module
:
./node_modules/handlebars/lib/ind
ex.js
./node_modules/dotprompt/dist/ind
ex.js
./node_modules/@genkit-ai/core/li
b/registry.js
./node_modules/genkit/lib/registr
y.js
./node_modules/genkit/lib/genkit.
js
./node_modules/genkit/lib/index.m
js
./src/ai/genkit.ts
./src/ai/flows/admin-chatbot.ts
./src/app/api/admin-chat/route.ts

 Γ£ô Compiled successfully in 35.0s
   Skipping validation of types
   Skipping linting
   Collecting page data ...
   Generating static pages (0/31) ...
   Generating static pages (7/31) 
   Generating static pages (15/31) 
   Generating static pages (23/31) 
 Γ£ô Generating static pages (31/31)
   Finalizing page optimization ...
   Collecting build traces ...

Route (app)                                 Size  First Load JS
Γöî Γùï /                                      145 B         101 kB
Γö£ Γùï /_not-found                            990 B         102 kB
Γö£ ╞Æ /api/admin-chat                        145 B         101 kB
Γö£ Γùï /attendance                          7.12 kB         162 kB
Γö£ Γùï /classes                             4.75 kB         154 kB
Γö£ Γùï /dashboard                            105 kB         213 kB
Γö£ Γùï /exams                               7.74 kB         144 kB
Γö£ Γùï /login                               3.76 kB         116 kB
Γö£ Γùï /payments                            3.18 kB         152 kB
Γö£ Γùï /reports                             4.63 kB         159 kB
Γö£ Γùï /settings                            29.8 kB         203 kB
Γö£ Γùï /student/courses                     2.62 kB         111 kB
Γö£ Γùï /student/dashboard                   3.21 kB         112 kB
Γö£ Γùï /student/payments                    3.65 kB         112 kB
Γö£ Γùï /student/profile                     3.89 kB         112 kB
Γö£ Γùï /student/register                    4.92 kB         160 kB
Γö£ Γùï /student/results                     3.74 kB         140 kB
Γö£ Γùï /student/settings                    2.55 kB         151 kB
Γö£ Γùï /student/timetable                   6.95 kB         115 kB
Γö£ Γùï /students                            3.93 kB         153 kB
Γö£ Γùï /teacher/attendance                  7.23 kB         162 kB
Γö£ Γùï /teacher/dashboard                   2.39 kB         111 kB
Γö£ Γùï /teacher/results                     3.27 kB         139 kB
Γö£ Γùï /teacher/settings                    1.97 kB         150 kB
Γö£ Γùï /teacher/students                    4.33 kB         147 kB
Γö£ Γùï /teacher/timetable                   6.71 kB         115 kB
Γö£ Γùï /teachers                            4.02 kB         145 kB
Γöö Γùï /timetable                           6.68 kB         143 kB
+ First Load JS shared by all             101 kB
  Γö£ chunks/1684-742f29f87f559268.js      45.8 kB
  Γö£ chunks/4bd1b696-03cb3c5971a3ef6d.js  53.2 kB
  Γöö other shared chunks (total)          2.07 kB


Γùï  (Static)   prerendered as static content
╞Æ  (Dynamic)  server-rendered on demand

